This file contains any messages produced by compilers while
running configure, to aid debugging if configure makes a mistake.

It was created by ALOE configure 1.6.0, which was
generated by GNU Autoconf 2.69.  Invocation command line was

  $ ./configure 

## --------- ##
## Platform. ##
## --------- ##

hostname = DESKTOP-KMG3FE4
uname -m = x86_64
uname -r = 5.15.90.1-microsoft-standard-WSL2
uname -s = Linux
uname -v = #1 SMP Fri Jan 27 02:56:13 UTC 2023

/usr/bin/uname -p = x86_64
/bin/uname -X     = unknown

/bin/arch              = x86_64
/usr/bin/arch -k       = unknown
/usr/convex/getsysinfo = unknown
/usr/bin/hostinfo      = unknown
/bin/machine           = unknown
/usr/bin/oslevel       = unknown
/bin/universe          = unknown

PATH: /usr/local/sbin
PATH: /usr/local/bin
PATH: /usr/sbin
PATH: /usr/bin
PATH: /sbin
PATH: /bin
PATH: /usr/games
PATH: /usr/local/games
PATH: /usr/lib/wsl/lib
PATH: /mnt/c/Program Files/WindowsApps/CanonicalGroupLimited.Ubuntu_2204.2.31.0_x64__79rhkp1fndgsc
PATH: /mnt/c/ProgramData/Oracle/Java/javapath
PATH: /mnt/c/Program Files (x86)/Common Files/Oracle/Java/javapath
PATH: /mnt/c/Program Files (x86)/NVIDIA Corporation/PhysX/Common
PATH: /mnt/c/WINDOWS/system32
PATH: /mnt/c/WINDOWS
PATH: /mnt/c/WINDOWS/System32/Wbem
PATH: /mnt/c/WINDOWS/System32/WindowsPowerShell/v1.0/
PATH: /mnt/c/WINDOWS/System32/OpenSSH/
PATH: /mnt/c/Program Files/dotnet/
PATH: /mnt/c/Program Files/Airshipper/
PATH: /mnt/c/Program Files/AutoFirma/AutoFirma
PATH: /mnt/c/Program Files/Docker/Docker/resources/bin
PATH: /mnt/c/Program Files/Git/cmd
PATH: /mnt/c/Program Files/nodejs/
PATH: /mnt/c/Users/rulin/.console-ninja/.bin
PATH: /mnt/c/Users/rulin/AppData/Local/Microsoft/WindowsApps
PATH: /mnt/c/Users/rulin/AppData/Local/Programs/Microsoft VS Code/bin
PATH: /mnt/c/Program Files/heroku/bin
PATH: /mnt/c/FFmpeg/bin
PATH: /mnt/c/Users/rulin/AppData/Roaming/npm
PATH: /snap/bin


## ----------- ##
## Core tests. ##
## ----------- ##

configure:2440: checking for a BSD-compatible install
configure:2508: result: /usr/bin/install -c
configure:2519: checking whether build environment is sane
configure:2574: result: yes
configure:2725: checking for a thread-safe mkdir -p
configure:2764: result: /usr/bin/mkdir -p
configure:2771: checking for gawk
configure:2787: found /usr/bin/gawk
configure:2798: result: gawk
configure:2809: checking whether make sets $(MAKE)
configure:2831: result: yes
configure:2860: checking whether make supports nested variables
configure:2877: result: yes
configure:3007: checking build system type
configure:3021: result: x86_64-pc-linux-gnu
configure:3041: checking host system type
configure:3054: result: x86_64-pc-linux-gnu
configure:3123: checking for gcc
configure:3153: result: no
configure:3216: checking for cc
configure:3263: result: no
configure:3319: checking for cl.exe
configure:3349: result: no
configure:3373: error: in `/home/usueetac/DADES/ESR_P21/ALOE_DOCENCIA_20210116':
configure:3375: error: no acceptable C compiler found in $PATH
See `config.log' for more details

## ---------------- ##
## Cache variables. ##
## ---------------- ##

ac_cv_build=x86_64-pc-linux-gnu
ac_cv_env_CCC_set=
ac_cv_env_CCC_value=
ac_cv_env_CC_set=
ac_cv_env_CC_value=
ac_cv_env_CFLAGS_set=
ac_cv_env_CFLAGS_value=
ac_cv_env_CPPFLAGS_set=
ac_cv_env_CPPFLAGS_value=
ac_cv_env_CPP_set=
ac_cv_env_CPP_value=
ac_cv_env_CXXFLAGS_set=
ac_cv_env_CXXFLAGS_value=
ac_cv_env_CXX_set=
ac_cv_env_CXX_value=
ac_cv_env_LDFLAGS_set=
ac_cv_env_LDFLAGS_value=
ac_cv_env_LIBS_set=
ac_cv_env_LIBS_value=
ac_cv_env_build_alias_set=
ac_cv_env_build_alias_value=
ac_cv_env_host_alias_set=
ac_cv_env_host_alias_value=
ac_cv_env_target_alias_set=
ac_cv_env_target_alias_value=
ac_cv_host=x86_64-pc-linux-gnu
ac_cv_path_install='/usr/bin/install -c'
ac_cv_path_mkdir=/usr/bin/mkdir
ac_cv_prog_AWK=gawk
ac_cv_prog_make_make_set=yes
am_cv_make_support_nested_variables=yes

## ----------------- ##
## Output variables. ##
## ----------------- ##

ACLOCAL='${SHELL} /home/usueetac/DADES/ESR_P21/ALOE_DOCENCIA_20210116/missing aclocal-1.15'
AMDEPBACKSLASH=''
AMDEP_FALSE=''
AMDEP_TRUE=''
AMTAR='$${TAR-tar}'
AM_BACKSLASH='\'
AM_DEFAULT_V='$(AM_DEFAULT_VERBOSITY)'
AM_DEFAULT_VERBOSITY='1'
AM_V='$(V)'
AUTOCONF='${SHELL} /home/usueetac/DADES/ESR_P21/ALOE_DOCENCIA_20210116/missing autoconf'
AUTOHEADER='${SHELL} /home/usueetac/DADES/ESR_P21/ALOE_DOCENCIA_20210116/missing autoheader'
AUTOMAKE='${SHELL} /home/usueetac/DADES/ESR_P21/ALOE_DOCENCIA_20210116/missing automake-1.15'
AWK='gawk'
CC=''
CCDEPMODE=''
CFLAGS=''
CPP=''
CPPFLAGS=''
CXX=''
CXXDEPMODE=''
CXXFLAGS=''
CYGPATH_W='echo'
DEFS=''
DEPDIR=''
ECHO_C=''
ECHO_N='-n'
ECHO_T=''
EGREP=''
EXEEXT=''
FULL_DIST=''
GREP=''
HAVE_ALSA=''
HAVE_ALSA_FALSE=''
HAVE_ALSA_TRUE=''
HAVE_JACK=''
HAVE_JACK_FALSE=''
HAVE_JACK_TRUE=''
HAVE_UHD=''
HAVE_UHD_FALSE=''
HAVE_UHD_TRUE=''
HAVE_X5=''
HAVE_X5_FALSE=''
HAVE_X5_TRUE=''
INSTALL_DATA='${INSTALL} -m 644'
INSTALL_PROGRAM='${INSTALL}'
INSTALL_SCRIPT='${INSTALL}'
INSTALL_STRIP_PROGRAM='$(install_sh) -c -s'
IS_FULLDIST_FALSE=''
IS_FULLDIST_TRUE=''
LDFLAGS=''
LIBOBJS=''
LIBS=''
LTLIBOBJS=''
MAKEINFO='${SHELL} /home/usueetac/DADES/ESR_P21/ALOE_DOCENCIA_20210116/missing makeinfo'
MAKE_OBJ=''
MKDIR_P='/usr/bin/mkdir -p'
OBJEXT=''
ONLYMODULES_FALSE=''
ONLYMODULES_TRUE=''
ONLY_MODULES=''
PACKAGE='aloe'
PACKAGE_BUGREPORT=''
PACKAGE_NAME='ALOE'
PACKAGE_STRING='ALOE 1.6.0'
PACKAGE_TARNAME='aloe'
PACKAGE_URL=''
PACKAGE_VERSION='1.6.0'
PATH_SEPARATOR=':'
POW_LIB=''
RANLIB=''
SET_MAKE=''
SHELL='/bin/bash'
STRIP=''
VERSION='1.6.0'
ac_ct_CC=''
ac_ct_CXX=''
am__EXEEXT_FALSE=''
am__EXEEXT_TRUE=''
am__fastdepCC_FALSE=''
am__fastdepCC_TRUE=''
am__fastdepCXX_FALSE=''
am__fastdepCXX_TRUE=''
am__include=''
am__isrc=''
am__leading_dot='.'
am__nodep=''
am__quote=''
am__tar='$${TAR-tar} chof - "$$tardir"'
am__untar='$${TAR-tar} xf -'
bindir='${exec_prefix}/bin'
build='x86_64-pc-linux-gnu'
build_alias=''
build_cpu='x86_64'
build_os='linux-gnu'
build_vendor='pc'
datadir='${datarootdir}'
datarootdir='${prefix}/share'
docdir='${datarootdir}/doc/${PACKAGE_TARNAME}'
dvidir='${docdir}'
exec_prefix='NONE'
host='x86_64-pc-linux-gnu'
host_alias=''
host_cpu='x86_64'
host_os='linux-gnu'
host_vendor='pc'
htmldir='${docdir}'
hwapi=''
includedir='${prefix}/include'
infodir='${datarootdir}/info'
install_sh='${SHELL} /home/usueetac/DADES/ESR_P21/ALOE_DOCENCIA_20210116/install-sh'
libdir='${exec_prefix}/lib'
libexecdir='${exec_prefix}/libexec'
localedir='${datarootdir}/locale'
localstatedir='${prefix}/var'
mandir='${datarootdir}/man'
mkdir_p='$(MKDIR_P)'
oldincludedir='/usr/include'
pdfdir='${docdir}'
prefix='NONE'
program_transform_name='s,x,x,'
psdir='${docdir}'
runstatedir='${localstatedir}/run'
sbindir='${exec_prefix}/sbin'
sharedstatedir='${prefix}/com'
swapi=''
sysconfdir='${prefix}/etc'
target_alias=''

## ----------- ##
## confdefs.h. ##
## ----------- ##

/* confdefs.h */
#define PACKAGE_NAME "ALOE"
#define PACKAGE_TARNAME "aloe"
#define PACKAGE_VERSION "1.6.0"
#define PACKAGE_STRING "ALOE 1.6.0"
#define PACKAGE_BUGREPORT ""
#define PACKAGE_URL ""
#define PACKAGE "aloe"
#define VERSION "1.6.0"

configure: exit 1
